// Jest Snapshot v1, https://goo.gl/fbAQLP

exports[`should render ExpenseListItem correctly 1`] = `
<div>
  <Link
    replace={false}
    to="/edit/3"
  >
    <h3>
      Computer
    </h3>
  </Link>
  <p>
    4500
     - 
    345600000
  </p>
</div>
`;
